// Vitest Snapshot v1, https://vitest.dev/guide/snapshot.html

exports[`should return metrics data > metrics_result_no_users 1`] = `
NiceResponse {
  "status": 200,
  "body": {
    "daily_active_users": [
      {
        "activity": 0,
        "date": <stripped field 'date'>,
      },
      {
        "activity": 0,
        "date": <stripped field 'date'>,
      },
      {
        "activity": 0,
        "date": <stripped field 'date'>,
      },
      {
        "activity": 0,
        "date": <stripped field 'date'>,
      },
      {
        "activity": 0,
        "date": <stripped field 'date'>,
      },
      {
        "activity": 0,
        "date": <stripped field 'date'>,
      },
      {
        "activity": 0,
        "date": <stripped field 'date'>,
      },
      {
        "activity": 0,
        "date": <stripped field 'date'>,
      },
      {
        "activity": 0,
        "date": <stripped field 'date'>,
      },
      {
        "activity": 0,
        "date": <stripped field 'date'>,
      },
      {
        "activity": 0,
        "date": <stripped field 'date'>,
      },
      {
        "activity": 0,
        "date": <stripped field 'date'>,
      },
      {
        "activity": 0,
        "date": <stripped field 'date'>,
      },
      {
        "activity": 0,
        "date": <stripped field 'date'>,
      },
      {
        "activity": 0,
        "date": <stripped field 'date'>,
      },
      {
        "activity": 0,
        "date": <stripped field 'date'>,
      },
      {
        "activity": 0,
        "date": <stripped field 'date'>,
      },
      {
        "activity": 0,
        "date": <stripped field 'date'>,
      },
      {
        "activity": 0,
        "date": <stripped field 'date'>,
      },
      {
        "activity": 0,
        "date": <stripped field 'date'>,
      },
      {
        "activity": 0,
        "date": <stripped field 'date'>,
      },
      {
        "activity": 0,
        "date": <stripped field 'date'>,
      },
      {
        "activity": 0,
        "date": <stripped field 'date'>,
      },
      {
        "activity": 0,
        "date": <stripped field 'date'>,
      },
      {
        "activity": 0,
        "date": <stripped field 'date'>,
      },
      {
        "activity": 0,
        "date": <stripped field 'date'>,
      },
      {
        "activity": 0,
        "date": <stripped field 'date'>,
      },
      {
        "activity": 0,
        "date": <stripped field 'date'>,
      },
      {
        "activity": 0,
        "date": <stripped field 'date'>,
      },
      {
        "activity": 0,
        "date": <stripped field 'date'>,
      },
      {
        "activity": 0,
        "date": <stripped field 'date'>,
      },
    ],
    "daily_users": [
      {
        "activity": 0,
        "date": <stripped field 'date'>,
      },
      {
        "activity": 0,
        "date": <stripped field 'date'>,
      },
      {
        "activity": 0,
        "date": <stripped field 'date'>,
      },
      {
        "activity": 0,
        "date": <stripped field 'date'>,
      },
      {
        "activity": 0,
        "date": <stripped field 'date'>,
      },
      {
        "activity": 0,
        "date": <stripped field 'date'>,
      },
      {
        "activity": 0,
        "date": <stripped field 'date'>,
      },
      {
        "activity": 0,
        "date": <stripped field 'date'>,
      },
      {
        "activity": 0,
        "date": <stripped field 'date'>,
      },
      {
        "activity": 0,
        "date": <stripped field 'date'>,
      },
      {
        "activity": 0,
        "date": <stripped field 'date'>,
      },
      {
        "activity": 0,
        "date": <stripped field 'date'>,
      },
      {
        "activity": 0,
        "date": <stripped field 'date'>,
      },
      {
        "activity": 0,
        "date": <stripped field 'date'>,
      },
      {
        "activity": 0,
        "date": <stripped field 'date'>,
      },
      {
        "activity": 0,
        "date": <stripped field 'date'>,
      },
      {
        "activity": 0,
        "date": <stripped field 'date'>,
      },
      {
        "activity": 0,
        "date": <stripped field 'date'>,
      },
      {
        "activity": 0,
        "date": <stripped field 'date'>,
      },
      {
        "activity": 0,
        "date": <stripped field 'date'>,
      },
      {
        "activity": 0,
        "date": <stripped field 'date'>,
      },
      {
        "activity": 0,
        "date": <stripped field 'date'>,
      },
      {
        "activity": 0,
        "date": <stripped field 'date'>,
      },
      {
        "activity": 0,
        "date": <stripped field 'date'>,
      },
      {
        "activity": 0,
        "date": <stripped field 'date'>,
      },
      {
        "activity": 0,
        "date": <stripped field 'date'>,
      },
      {
        "activity": 0,
        "date": <stripped field 'date'>,
      },
      {
        "activity": 0,
        "date": <stripped field 'date'>,
      },
      {
        "activity": 0,
        "date": <stripped field 'date'>,
      },
      {
        "activity": 0,
        "date": <stripped field 'date'>,
      },
      {
        "activity": 0,
        "date": <stripped field 'date'>,
      },
    ],
    "login_methods": [],
    "recently_active": [],
    "recently_registered": [],
    "total_users": 0,
    "users_by_country": {},
  },
  "headers": Headers { <some fields may have been hidden> },
}
`;

exports[`should return metrics data with users 17`] = `
NiceResponse {
  "status": 200,
  "body": {
    "daily_active_users": [
      {
        "activity": 0,
        "date": <stripped field 'date'>,
      },
      {
        "activity": 0,
        "date": <stripped field 'date'>,
      },
      {
        "activity": 0,
        "date": <stripped field 'date'>,
      },
      {
        "activity": 0,
        "date": <stripped field 'date'>,
      },
      {
        "activity": 0,
        "date": <stripped field 'date'>,
      },
      {
        "activity": 0,
        "date": <stripped field 'date'>,
      },
      {
        "activity": 0,
        "date": <stripped field 'date'>,
      },
      {
        "activity": 0,
        "date": <stripped field 'date'>,
      },
      {
        "activity": 0,
        "date": <stripped field 'date'>,
      },
      {
        "activity": 0,
        "date": <stripped field 'date'>,
      },
      {
        "activity": 0,
        "date": <stripped field 'date'>,
      },
      {
        "activity": 0,
        "date": <stripped field 'date'>,
      },
      {
        "activity": 0,
        "date": <stripped field 'date'>,
      },
      {
        "activity": 0,
        "date": <stripped field 'date'>,
      },
      {
        "activity": 0,
        "date": <stripped field 'date'>,
      },
      {
        "activity": 0,
        "date": <stripped field 'date'>,
      },
      {
        "activity": 0,
        "date": <stripped field 'date'>,
      },
      {
        "activity": 0,
        "date": <stripped field 'date'>,
      },
      {
        "activity": 0,
        "date": <stripped field 'date'>,
      },
      {
        "activity": 0,
        "date": <stripped field 'date'>,
      },
      {
        "activity": 0,
        "date": <stripped field 'date'>,
      },
      {
        "activity": 0,
        "date": <stripped field 'date'>,
      },
      {
        "activity": 0,
        "date": <stripped field 'date'>,
      },
      {
        "activity": 0,
        "date": <stripped field 'date'>,
      },
      {
        "activity": 0,
        "date": <stripped field 'date'>,
      },
      {
        "activity": 0,
        "date": <stripped field 'date'>,
      },
      {
        "activity": 0,
        "date": <stripped field 'date'>,
      },
      {
        "activity": 0,
        "date": <stripped field 'date'>,
      },
      {
        "activity": 0,
        "date": <stripped field 'date'>,
      },
      {
        "activity": 0,
        "date": <stripped field 'date'>,
      },
      {
        "activity": 10,
        "date": <stripped field 'date'>,
      },
    ],
    "daily_users": [
      {
        "activity": 0,
        "date": <stripped field 'date'>,
      },
      {
        "activity": 0,
        "date": <stripped field 'date'>,
      },
      {
        "activity": 0,
        "date": <stripped field 'date'>,
      },
      {
        "activity": 0,
        "date": <stripped field 'date'>,
      },
      {
        "activity": 0,
        "date": <stripped field 'date'>,
      },
      {
        "activity": 0,
        "date": <stripped field 'date'>,
      },
      {
        "activity": 0,
        "date": <stripped field 'date'>,
      },
      {
        "activity": 0,
        "date": <stripped field 'date'>,
      },
      {
        "activity": 0,
        "date": <stripped field 'date'>,
      },
      {
        "activity": 0,
        "date": <stripped field 'date'>,
      },
      {
        "activity": 0,
        "date": <stripped field 'date'>,
      },
      {
        "activity": 0,
        "date": <stripped field 'date'>,
      },
      {
        "activity": 0,
        "date": <stripped field 'date'>,
      },
      {
        "activity": 0,
        "date": <stripped field 'date'>,
      },
      {
        "activity": 0,
        "date": <stripped field 'date'>,
      },
      {
        "activity": 0,
        "date": <stripped field 'date'>,
      },
      {
        "activity": 0,
        "date": <stripped field 'date'>,
      },
      {
        "activity": 0,
        "date": <stripped field 'date'>,
      },
      {
        "activity": 0,
        "date": <stripped field 'date'>,
      },
      {
        "activity": 0,
        "date": <stripped field 'date'>,
      },
      {
        "activity": 0,
        "date": <stripped field 'date'>,
      },
      {
        "activity": 0,
        "date": <stripped field 'date'>,
      },
      {
        "activity": 0,
        "date": <stripped field 'date'>,
      },
      {
        "activity": 0,
        "date": <stripped field 'date'>,
      },
      {
        "activity": 0,
        "date": <stripped field 'date'>,
      },
      {
        "activity": 0,
        "date": <stripped field 'date'>,
      },
      {
        "activity": 0,
        "date": <stripped field 'date'>,
      },
      {
        "activity": 0,
        "date": <stripped field 'date'>,
      },
      {
        "activity": 0,
        "date": <stripped field 'date'>,
      },
      {
        "activity": 0,
        "date": <stripped field 'date'>,
      },
      {
        "activity": 9,
        "date": <stripped field 'date'>,
      },
    ],
    "login_methods": [
      {
        "count": 9,
        "method": "otp",
      },
    ],
    "recently_active": [
      {
        "auth_with_email": true,
        "client_metadata": null,
        "client_read_only_metadata": null,
        "display_name": null,
        "has_password": false,
        "id": "<stripped UUID>",
        "last_active_at_millis": <stripped field 'last_active_at_millis'>,
        "oauth_providers": [],
        "otp_auth_enabled": true,
        "passkey_auth_enabled": false,
        "primary_email": "mailbox-3--<stripped UUID>@stack-generated.example.com",
        "primary_email_auth_enabled": true,
        "primary_email_verified": true,
        "profile_image_url": null,
        "requires_totp_mfa": false,
        "selected_team": null,
        "selected_team_id": null,
        "server_metadata": null,
        "signed_up_at_millis": <stripped field 'signed_up_at_millis'>,
      },
      {
        "auth_with_email": true,
        "client_metadata": null,
        "client_read_only_metadata": null,
        "display_name": null,
        "has_password": false,
        "id": "<stripped UUID>",
        "last_active_at_millis": <stripped field 'last_active_at_millis'>,
        "oauth_providers": [],
        "otp_auth_enabled": true,
        "passkey_auth_enabled": false,
        "primary_email": "mailbox-2--<stripped UUID>@stack-generated.example.com",
        "primary_email_auth_enabled": true,
        "primary_email_verified": true,
        "profile_image_url": null,
        "requires_totp_mfa": false,
        "selected_team": null,
        "selected_team_id": null,
        "server_metadata": null,
        "signed_up_at_millis": <stripped field 'signed_up_at_millis'>,
      },
      {
        "auth_with_email": true,
        "client_metadata": null,
        "client_read_only_metadata": null,
        "display_name": null,
        "has_password": false,
        "id": "<stripped UUID>",
        "last_active_at_millis": <stripped field 'last_active_at_millis'>,
        "oauth_providers": [],
        "otp_auth_enabled": true,
        "passkey_auth_enabled": false,
        "primary_email": "mailbox-10--<stripped UUID>@stack-generated.example.com",
        "primary_email_auth_enabled": true,
        "primary_email_verified": true,
        "profile_image_url": null,
        "requires_totp_mfa": false,
        "selected_team": null,
        "selected_team_id": null,
        "server_metadata": null,
        "signed_up_at_millis": <stripped field 'signed_up_at_millis'>,
      },
      {
        "auth_with_email": true,
        "client_metadata": null,
        "client_read_only_metadata": null,
        "display_name": null,
        "has_password": false,
        "id": "<stripped UUID>",
        "last_active_at_millis": <stripped field 'last_active_at_millis'>,
        "oauth_providers": [],
        "otp_auth_enabled": true,
        "passkey_auth_enabled": false,
        "primary_email": "mailbox-8--<stripped UUID>@stack-generated.example.com",
        "primary_email_auth_enabled": true,
        "primary_email_verified": true,
        "profile_image_url": null,
        "requires_totp_mfa": false,
        "selected_team": null,
        "selected_team_id": null,
        "server_metadata": null,
        "signed_up_at_millis": <stripped field 'signed_up_at_millis'>,
      },
    ],
    "recently_registered": [
      {
        "auth_with_email": true,
        "client_metadata": null,
        "client_read_only_metadata": null,
        "display_name": null,
        "has_password": false,
        "id": "<stripped UUID>",
        "last_active_at_millis": <stripped field 'last_active_at_millis'>,
        "oauth_providers": [],
        "otp_auth_enabled": true,
        "passkey_auth_enabled": false,
        "primary_email": "mailbox-10--<stripped UUID>@stack-generated.example.com",
        "primary_email_auth_enabled": true,
        "primary_email_verified": true,
        "profile_image_url": null,
        "requires_totp_mfa": false,
        "selected_team": null,
        "selected_team_id": null,
        "server_metadata": null,
        "signed_up_at_millis": <stripped field 'signed_up_at_millis'>,
      },
      {
        "auth_with_email": true,
        "client_metadata": null,
        "client_read_only_metadata": null,
        "display_name": null,
        "has_password": false,
        "id": "<stripped UUID>",
        "last_active_at_millis": <stripped field 'last_active_at_millis'>,
        "oauth_providers": [],
        "otp_auth_enabled": true,
        "passkey_auth_enabled": false,
        "primary_email": "mailbox-8--<stripped UUID>@stack-generated.example.com",
        "primary_email_auth_enabled": true,
        "primary_email_verified": true,
        "profile_image_url": null,
        "requires_totp_mfa": false,
        "selected_team": null,
        "selected_team_id": null,
        "server_metadata": null,
        "signed_up_at_millis": <stripped field 'signed_up_at_millis'>,
      },
      {
        "auth_with_email": true,
        "client_metadata": null,
        "client_read_only_metadata": null,
        "display_name": null,
        "has_password": false,
        "id": "<stripped UUID>",
        "last_active_at_millis": <stripped field 'last_active_at_millis'>,
        "oauth_providers": [],
        "otp_auth_enabled": true,
        "passkey_auth_enabled": false,
        "primary_email": "mailbox-7--<stripped UUID>@stack-generated.example.com",
        "primary_email_auth_enabled": true,
        "primary_email_verified": true,
        "profile_image_url": null,
        "requires_totp_mfa": false,
        "selected_team": null,
        "selected_team_id": null,
        "server_metadata": null,
        "signed_up_at_millis": <stripped field 'signed_up_at_millis'>,
      },
      {
        "auth_with_email": true,
        "client_metadata": null,
        "client_read_only_metadata": null,
        "display_name": null,
        "has_password": false,
        "id": "<stripped UUID>",
        "last_active_at_millis": <stripped field 'last_active_at_millis'>,
        "oauth_providers": [],
        "otp_auth_enabled": true,
        "passkey_auth_enabled": false,
        "primary_email": "mailbox-6--<stripped UUID>@stack-generated.example.com",
        "primary_email_auth_enabled": true,
        "primary_email_verified": true,
        "profile_image_url": null,
        "requires_totp_mfa": false,
        "selected_team": null,
        "selected_team_id": null,
        "server_metadata": null,
        "signed_up_at_millis": <stripped field 'signed_up_at_millis'>,
      },
      {
        "auth_with_email": true,
        "client_metadata": null,
        "client_read_only_metadata": null,
        "display_name": null,
        "has_password": false,
        "id": "<stripped UUID>",
        "last_active_at_millis": <stripped field 'last_active_at_millis'>,
        "oauth_providers": [],
        "otp_auth_enabled": true,
        "passkey_auth_enabled": false,
        "primary_email": "mailbox-5--<stripped UUID>@stack-generated.example.com",
        "primary_email_auth_enabled": true,
        "primary_email_verified": true,
        "profile_image_url": null,
        "requires_totp_mfa": false,
        "selected_team": null,
        "selected_team_id": null,
        "server_metadata": null,
        "signed_up_at_millis": <stripped field 'signed_up_at_millis'>,
      },
    ],
    "total_users": 9,
    "users_by_country": {
      "AQ": 2,
      "CH": 1,
    },
  },
  "headers": Headers { <some fields may have been hidden> },
}
`;
